<?xml version="1.0" encoding="utf-8"?><testsuites name="pytest tests"><testsuite name="pytest" errors="0" failures="0" skipped="0" tests="10" time="140.490" timestamp="2025-08-15T12:51:40.765162+02:00" hostname="mtschochohei-mac.roam.internal"><testcase classname="tests.integration.test_router" name="test_route_research_question" time="11.984" /><testcase classname="tests.integration.test_router" name="test_route_search_agent" time="16.012" /><testcase classname="tests.integration.test_router" name="test_route_hypothesis_agent" time="110.268" /><testcase classname="tests.unit.test_hypothesis_agent" name="test_successful_hypothesis_generation" time="0.006" /><testcase classname="tests.unit.test_research_question_agent" name="test_good_research_question" time="0.003" /><testcase classname="tests.unit.test_research_question_agent" name="test_vague_research_question" time="0.003" /><testcase classname="tests.unit.test_research_question_agent" name="test_simple_research_question" time="0.003" /><testcase classname="tests.unit.test_search_agent" name="test_successful_search" time="0.004" /><testcase classname="tests.unit.test_search_agent" name="test_no_articles_found" time="0.003" /><testcase classname="tests.unit.test_search_agent" name="test_connection_error" time="0.003" /></testsuite></testsuites>